
> chatbot-grok@0.0.0 build
> tsc -b && vite build

src/App.tsx(2,23): error TS1484: 'Message' is a type and must be imported using a type-only import when 'verbatimModuleSyntax' is enabled.
src/App.tsx(2,32): error TS1484: 'Provider' is a type and must be imported using a type-only import when 'verbatimModuleSyntax' is enabled.
